[2026-07-22 13:51:20] [INFO] Log - Starting testSimpleDraggable: Verifying basic drag functionality.
[2026-07-22 13:51:20] [INFO] Log - Starting testSortableList...
[2026-07-22 13:51:20] [INFO] Log - Starting testSelectableList...
[2026-07-22 13:51:20] [INFO] Log - Starting testResizableBoxWithRestriction...
[2026-07-22 13:51:20] [INFO] Log - Starting testSimpleDragAndDrop...
[2026-07-22 13:51:22] [INFO] Log - Dragging simple box to target...
[2026-07-22 13:51:23] [INFO] Log - Initial size: (200, 200)
[2026-07-22 13:51:23] [INFO] Log - Selecting 2 random items from the list...
[2026-07-22 13:51:23] [INFO] Log - Executing random sorting sequence on List elements...
[2026-07-22 13:51:24] [INFO] Log - Initial Box Location: (245, 179)
[2026-07-22 13:51:24] [INFO] Log - Verifying active classes on selected items...
[2026-07-22 13:51:24] [INFO] Log - Validating item: Porta ac consectetur ac
[2026-07-22 13:51:24] [INFO] Log - Validating item: Cras justo odio
[2026-07-22 13:51:24] [INFO] Log - testSelectableList completed successfully.
[2026-07-22 13:51:25] [INFO] Log - New size: (250, 250)
[2026-07-22 13:51:25] [INFO] Log - testResizableBoxWithRestriction completed successfully.
[2026-07-22 13:51:25] [INFO] Log - Target box text after drop: Dropped!
[2026-07-22 13:51:25] [INFO] Log - testSimpleDragAndDrop completed successfully.
[2026-07-22 13:51:25] [INFO] Log - testSortableList completed successfully.
[2026-07-22 13:51:25] [INFO] Log - New Box Location: (345, 279)
[2026-07-22 13:51:25] [INFO] Log - testSimpleDraggable passed successfully.
[2026-07-22 13:51:35] [INFO] Log - Starting testSelectableGrid...
[2026-07-22 13:51:38] [INFO] Log - Selecting 3 random items from the grid...
[2026-07-22 13:51:39] [INFO] Log - Starting testPreventPropagationDroppable...
[2026-07-22 13:51:39] [INFO] Log - Verifying active classes on selected grid items...
[2026-07-22 13:51:39] [INFO] Log - Validating grid item: Three
[2026-07-22 13:51:39] [INFO] Log - Validating grid item: Two
[2026-07-22 13:51:39] [INFO] Log - Validating grid item: Six
[2026-07-22 13:51:39] [INFO] Log - testSelectableGrid completed successfully.
[2026-07-22 13:51:42] [INFO] Log - Starting testSortableGrid...
[2026-07-22 13:51:42] [INFO] Log - Starting testResizableBoxWithoutRestriction...
[2026-07-22 13:51:42] [INFO] Log - Starting testAxisRestrictedDraggable: Verifying X/Y axis constraints.
[2026-07-22 13:51:43] [INFO] Log - Executing Scenario 1: Not Greedy Drop...
[2026-07-22 13:51:44] [INFO] Log - Initial size: (200, 200)
[2026-07-22 13:51:45] [INFO] Log - Executing random sorting sequence on Grid elements...
[2026-07-22 13:51:45] [INFO] Log - Testing X-Axis restricted box.
[2026-07-22 13:51:46] [INFO] Log - Refreshing page to reset DOM state for Greedy test...
[2026-07-22 13:51:46] [INFO] Log - New size: (500, 500)
[2026-07-22 13:51:46] [INFO] Log - testResizableBoxWithoutRestriction completed successfully.
[2026-07-22 13:51:47] [INFO] Log - testSortableGrid completed successfully.
[2026-07-22 13:51:47] [INFO] Log - Testing Y-Axis restricted box.
[2026-07-22 13:51:47] [INFO] Log - Executing Scenario 2: Greedy Drop...
[2026-07-22 13:51:49] [INFO] Log - testAxisRestrictedDraggable passed successfully.
[2026-07-22 13:51:50] [INFO] Log - testPreventPropagationDroppable completed successfully.
[2026-07-22 13:52:01] [INFO] Log - Starting testRevertDraggable...
[2026-07-22 13:52:04] [INFO] Log - Testing 'Will Revert' Box...
[2026-07-22 13:52:04] [INFO] Log - Starting location: (372, 287)
[2026-07-22 13:52:07] [INFO] Log - Waiting for revert animation to complete...
[2026-07-22 13:52:08] [INFO] Log - Ending location: (372, 287)
[2026-07-22 13:52:08] [INFO] Log - Testing 'Not Revert' Box...
[2026-07-22 13:52:08] [INFO] Log - Starting location: (372, 351)
[2026-07-22 13:52:10] [INFO] Log - Ending location: (656, 334)
[2026-07-22 13:52:10] [INFO] Log - testRevertDraggable completed successfully.
[2026-07-22 13:52:23] [INFO] Log - Starting testContainerRestrictedElegant: Verifying container boundaries.
[2026-07-22 13:52:27] [INFO] Log - Executing Scenario 1: Parent Container Boundary Smash.
[2026-07-22 13:52:32] [INFO] Log - Executing Scenario 2: Span Parent Boundary Smash.
[2026-07-22 13:52:37] [INFO] Log - testContainerRestrictedElegant passed successfully.
[2026-07-22 13:53:51] [INFO] Log - Starting testSelectableList...
[2026-07-22 13:53:54] [INFO] Log - Selecting 2 random items from the list...
[2026-07-22 13:53:54] [INFO] Log - Verifying active classes on selected items...
[2026-07-22 13:53:54] [INFO] Log - Validating item: Morbi leo risus
[2026-07-22 13:53:54] [INFO] Log - Validating item: Cras justo odio
[2026-07-22 13:53:54] [INFO] Log - testSelectableList completed successfully.
[2026-07-22 13:54:03] [INFO] Log - Starting testSelectableGrid...
[2026-07-22 13:54:06] [INFO] Log - Selecting 3 random items from the grid...
[2026-07-22 13:54:06] [INFO] Log - Verifying active classes on selected grid items...
[2026-07-22 13:54:06] [INFO] Log - Validating grid item: Seven
[2026-07-22 13:54:06] [INFO] Log - Validating grid item: Six
[2026-07-22 13:54:06] [INFO] Log - Validating grid item: Two
[2026-07-22 13:54:06] [INFO] Log - testSelectableGrid completed successfully.
[2026-07-22 13:54:15] [INFO] Log - Starting testSimpleDragAndDrop...
[2026-07-22 13:54:17] [INFO] Log - Dragging simple box to target...
[2026-07-22 13:54:19] [INFO] Log - Target box text after drop: Dropped!
[2026-07-22 13:54:19] [INFO] Log - testSimpleDragAndDrop completed successfully.
[2026-07-22 13:54:30] [INFO] Log - Starting testPreventPropagationDroppable...
[2026-07-22 13:54:34] [INFO] Log - Executing Scenario 1: Not Greedy Drop...
[2026-07-22 13:54:36] [INFO] Log - Refreshing page to reset DOM state for Greedy test...
[2026-07-22 13:54:38] [INFO] Log - Executing Scenario 2: Greedy Drop...
[2026-07-22 13:54:40] [INFO] Log - testPreventPropagationDroppable completed successfully.
[2026-07-22 13:54:52] [INFO] Log - Starting testRevertDraggable...
[2026-07-22 13:54:55] [INFO] Log - Testing 'Will Revert' Box...
[2026-07-22 13:54:55] [INFO] Log - Starting location: (372, 287)
[2026-07-22 13:54:58] [INFO] Log - Waiting for revert animation to complete...
[2026-07-22 13:54:59] [INFO] Log - Ending location: (372, 287)
[2026-07-22 13:54:59] [INFO] Log - Testing 'Not Revert' Box...
[2026-07-22 13:54:59] [INFO] Log - Starting location: (372, 351)
[2026-07-22 13:55:01] [INFO] Log - Ending location: (656, 334)
[2026-07-22 13:55:01] [INFO] Log - testRevertDraggable completed successfully.
[2026-07-22 13:55:11] [INFO] Log - Starting testResizableBoxWithRestriction...
[2026-07-22 13:55:13] [INFO] Log - Initial size: (200, 200)
[2026-07-22 13:55:15] [INFO] Log - New size: (250, 250)
[2026-07-22 13:55:15] [INFO] Log - testResizableBoxWithRestriction completed successfully.
[2026-07-22 13:55:23] [INFO] Log - Starting testResizableBoxWithoutRestriction...
[2026-07-22 13:55:26] [INFO] Log - Initial size: (200, 200)
[2026-07-22 13:55:27] [INFO] Log - New size: (500, 500)
[2026-07-22 13:55:27] [INFO] Log - testResizableBoxWithoutRestriction completed successfully.
[2026-07-22 13:55:35] [INFO] Log - Starting testSimpleDraggable: Verifying basic drag functionality.
[2026-07-22 13:55:38] [INFO] Log - Initial Box Location: (245, 179)
[2026-07-22 13:55:40] [INFO] Log - New Box Location: (345, 279)
[2026-07-22 13:55:40] [INFO] Log - testSimpleDraggable passed successfully.
[2026-07-22 13:55:48] [INFO] Log - Starting testAxisRestrictedDraggable: Verifying X/Y axis constraints.
[2026-07-22 13:55:52] [INFO] Log - Testing X-Axis restricted box.
[2026-07-22 13:55:53] [INFO] Log - Testing Y-Axis restricted box.
[2026-07-22 13:55:55] [INFO] Log - testAxisRestrictedDraggable passed successfully.
[2026-07-22 13:56:25] [INFO] Log - Starting testContainerRestrictedElegant: Verifying container boundaries.
[2026-07-22 13:56:28] [INFO] Log - Executing Scenario 1: Parent Container Boundary Smash.
[2026-07-22 13:56:33] [INFO] Log - Executing Scenario 2: Span Parent Boundary Smash.
[2026-07-22 13:56:39] [INFO] Log - testContainerRestrictedElegant passed successfully.
[2026-07-22 13:56:49] [INFO] Log - Starting testSortableList...
[2026-07-22 13:56:51] [INFO] Log - Executing random sorting sequence on List elements...
[2026-07-22 13:56:53] [INFO] Log - testSortableList completed successfully.
[2026-07-22 13:57:04] [INFO] Log - Starting testSortableGrid...
[2026-07-22 13:57:06] [INFO] Log - Executing random sorting sequence on Grid elements...
[2026-07-22 13:57:08] [INFO] Log - testSortableGrid completed successfully.
[2026-07-22 16:43:39] [INFO] Log - Starting testSelectableList...
[2026-07-22 16:43:42] [INFO] Log - Selecting 2 random items from the list...
[2026-07-22 16:43:42] [INFO] Log - Verifying active classes on selected items...
[2026-07-22 16:43:42] [INFO] Log - Validating item: Morbi leo risus
[2026-07-22 16:43:42] [INFO] Log - Validating item: Dapibus ac facilisis in
[2026-07-22 16:43:42] [INFO] Log - testSelectableList completed successfully.
[2026-07-22 16:43:52] [INFO] Log - Starting testSelectableGrid...
[2026-07-22 16:43:55] [INFO] Log - Selecting 3 random items from the grid...
[2026-07-22 16:43:55] [INFO] Log - Verifying active classes on selected grid items...
[2026-07-22 16:43:55] [INFO] Log - Validating grid item: Eight
[2026-07-22 16:43:55] [INFO] Log - Validating grid item: Seven
[2026-07-22 16:43:55] [INFO] Log - Validating grid item: Six
[2026-07-22 16:43:55] [INFO] Log - testSelectableGrid completed successfully.
[2026-07-22 16:44:06] [INFO] Log - Starting testSimpleDragAndDrop...
[2026-07-22 16:44:08] [INFO] Log - Dragging simple box to target...
[2026-07-22 16:44:11] [INFO] Log - Target box text after drop: Dropped!
[2026-07-22 16:44:11] [INFO] Log - testSimpleDragAndDrop completed successfully.
[2026-07-22 16:44:21] [INFO] Log - Starting testPreventPropagationDroppable...
[2026-07-22 16:44:25] [INFO] Log - Executing Scenario 1: Not Greedy Drop...
[2026-07-22 16:44:27] [INFO] Log - Refreshing page to reset DOM state for Greedy test...
[2026-07-22 16:44:28] [INFO] Log - Executing Scenario 2: Greedy Drop...
[2026-07-22 16:44:31] [INFO] Log - testPreventPropagationDroppable completed successfully.
[2026-07-22 16:44:42] [INFO] Log - Starting testRevertDraggable...
[2026-07-22 16:44:46] [INFO] Log - Testing 'Will Revert' Box...
[2026-07-22 16:44:46] [INFO] Log - Starting location: (597, 289)
[2026-07-22 16:44:49] [INFO] Log - Waiting for revert animation to complete...
[2026-07-22 16:44:50] [INFO] Log - Ending location: (597, 289)
[2026-07-22 16:44:50] [INFO] Log - Testing 'Not Revert' Box...
[2026-07-22 16:44:50] [INFO] Log - Starting location: (597, 353)
[2026-07-22 16:44:52] [INFO] Log - Ending location: (999, 336)
[2026-07-22 16:44:52] [INFO] Log - testRevertDraggable completed successfully.
[2026-07-22 16:45:05] [INFO] Log - Starting testResizableBoxWithRestriction...
[2026-07-22 16:45:08] [INFO] Log - Initial size: (200, 200)
[2026-07-22 16:45:09] [INFO] Log - New size: (250, 250)
[2026-07-22 16:45:09] [INFO] Log - testResizableBoxWithRestriction completed successfully.
[2026-07-22 16:45:19] [INFO] Log - Starting testResizableBoxWithoutRestriction...
[2026-07-22 16:45:22] [INFO] Log - Initial size: (200, 200)
[2026-07-22 16:45:24] [INFO] Log - New size: (240, 240)
[2026-07-22 16:45:24] [INFO] Log - testResizableBoxWithoutRestriction completed successfully.
[2026-07-22 16:45:34] [INFO] Log - Starting testSimpleDraggable: Verifying basic drag functionality.
[2026-07-22 16:45:38] [INFO] Log - Initial Box Location: (352, 181)
[2026-07-22 16:45:39] [INFO] Log - New Box Location: (452, 281)
[2026-07-22 16:45:39] [INFO] Log - testSimpleDraggable passed successfully.
[2026-07-22 16:45:50] [INFO] Log - Starting testAxisRestrictedDraggable: Verifying X/Y axis constraints.
[2026-07-22 16:45:53] [INFO] Log - Testing X-Axis restricted box.
[2026-07-22 16:45:55] [INFO] Log - Testing Y-Axis restricted box.
[2026-07-22 16:45:57] [INFO] Log - testAxisRestrictedDraggable passed successfully.
[2026-07-22 16:46:31] [INFO] Log - Starting testContainerRestrictedElegant: Verifying container boundaries.
[2026-07-22 16:46:35] [INFO] Log - Executing Scenario 1: Parent Container Boundary Smash.
[2026-07-22 16:46:40] [INFO] Log - Executing Scenario 2: Span Parent Boundary Smash.
[2026-07-22 16:46:46] [INFO] Log - testContainerRestrictedElegant passed successfully.
[2026-07-22 16:46:57] [INFO] Log - Starting testSortableList...
[2026-07-22 16:47:00] [INFO] Log - Executing random sorting sequence on List elements...
[2026-07-22 16:47:02] [INFO] Log - testSortableList completed successfully.
[2026-07-22 16:47:14] [INFO] Log - Starting testSortableGrid...
[2026-07-22 16:47:17] [INFO] Log - Executing random sorting sequence on Grid elements...
[2026-07-22 16:47:19] [INFO] Log - testSortableGrid completed successfully.
[2026-07-22 16:53:48] [INFO] Log - Starting testAcceptableDragAndDrop...
[2026-07-23 14:08:48] [INFO] Log - Starting testSelectableList...
[2026-07-23 14:08:52] [INFO] Log - Selecting 2 random items from the list...
[2026-07-23 14:08:53] [INFO] Log - Verifying active classes on selected items...
[2026-07-23 14:08:53] [INFO] Log - Validating item: Morbi leo risus
[2026-07-23 14:08:53] [INFO] Log - Validating item: Porta ac consectetur ac
[2026-07-23 14:08:53] [INFO] Log - testSelectableList completed successfully.
[2026-07-23 14:09:08] [INFO] Log - Starting testSelectableGrid...
[2026-07-23 14:09:11] [INFO] Log - Selecting 3 random items from the grid...
[2026-07-23 14:09:12] [INFO] Log - Verifying active classes on selected grid items...
[2026-07-23 14:09:12] [INFO] Log - Validating grid item: Four
[2026-07-23 14:09:13] [INFO] Log - Validating grid item: Five
[2026-07-23 14:09:13] [INFO] Log - Validating grid item: Eight
[2026-07-23 14:09:13] [INFO] Log - testSelectableGrid completed successfully.
[2026-07-23 14:09:23] [INFO] Log - Starting testSimpleDragAndDrop...
[2026-07-23 14:09:26] [INFO] Log - Dragging simple box to target...
[2026-07-23 14:09:29] [INFO] Log - Target box text after drop: Dropped!
[2026-07-23 14:09:29] [INFO] Log - testSimpleDragAndDrop completed successfully.
[2026-07-23 14:09:40] [INFO] Log - Starting testPreventPropagationDroppable...
[2026-07-23 14:09:45] [INFO] Log - Executing Scenario 1: Not Greedy Drop...
[2026-07-23 14:09:48] [INFO] Log - Refreshing page to reset DOM state for Greedy test...
[2026-07-23 14:09:50] [INFO] Log - Executing Scenario 2: Greedy Drop...
[2026-07-23 14:09:52] [INFO] Log - testPreventPropagationDroppable completed successfully.
[2026-07-23 14:10:07] [INFO] Log - Starting testRevertDraggable...
[2026-07-23 14:10:10] [INFO] Log - Testing 'Will Revert' Box...
[2026-07-23 14:10:11] [INFO] Log - Starting location: (597, 289)
[2026-07-23 14:10:14] [INFO] Log - Waiting for revert animation to complete...
[2026-07-23 14:10:15] [INFO] Log - Ending location: (597, 289)
[2026-07-23 14:10:15] [INFO] Log - Testing 'Not Revert' Box...
[2026-07-23 14:10:15] [INFO] Log - Starting location: (597, 353)
[2026-07-23 14:10:17] [INFO] Log - Ending location: (999, 336)
[2026-07-23 14:10:17] [INFO] Log - testRevertDraggable completed successfully.
[2026-07-23 14:10:31] [INFO] Log - Starting testResizableBoxWithRestriction...
[2026-07-23 14:10:38] [INFO] Log - Initial size: (200, 200)
[2026-07-23 14:10:40] [INFO] Log - New size: (250, 250)
[2026-07-23 14:10:40] [INFO] Log - testResizableBoxWithRestriction completed successfully.
[2026-07-23 14:10:51] [INFO] Log - Starting testResizableBoxWithoutRestriction...
[2026-07-23 14:10:54] [INFO] Log - Initial size: (200, 200)
[2026-07-23 14:10:57] [INFO] Log - New size: (240, 240)
[2026-07-23 14:10:57] [INFO] Log - testResizableBoxWithoutRestriction completed successfully.
[2026-07-23 14:11:08] [INFO] Log - Starting testSimpleDraggable: Verifying basic drag functionality.
[2026-07-23 14:11:32] [INFO] Log - Initial Box Location: (352, 181)
[2026-07-23 14:11:34] [INFO] Log - New Box Location: (452, 281)
[2026-07-23 14:11:34] [INFO] Log - testSimpleDraggable passed successfully.
[2026-07-23 14:11:48] [INFO] Log - Starting testAxisRestrictedDraggable: Verifying X/Y axis constraints.
[2026-07-23 14:11:52] [INFO] Log - Testing X-Axis restricted box.
[2026-07-23 14:11:53] [INFO] Log - Testing Y-Axis restricted box.
[2026-07-23 14:11:55] [INFO] Log - testAxisRestrictedDraggable passed successfully.
[2026-07-23 14:12:33] [INFO] Log - Starting testContainerRestrictedElegant: Verifying container boundaries.
[2026-07-23 14:12:38] [INFO] Log - Executing Scenario 1: Parent Container Boundary Smash.
[2026-07-23 14:12:44] [INFO] Log - Executing Scenario 2: Span Parent Boundary Smash.
[2026-07-23 14:12:49] [INFO] Log - testContainerRestrictedElegant passed successfully.
[2026-07-23 14:13:05] [INFO] Log - Starting testSortableList...
[2026-07-23 14:13:10] [INFO] Log - Executing random sorting sequence on List elements...
[2026-07-23 14:13:12] [INFO] Log - testSortableList completed successfully.
[2026-07-23 14:13:27] [INFO] Log - Starting testSortableGrid...
[2026-07-23 14:13:31] [INFO] Log - Executing random sorting sequence on Grid elements...
[2026-07-23 14:13:33] [INFO] Log - testSortableGrid completed successfully.
[2026-07-23 14:19:24] [INFO] Log - Starting testSelectableList...
[2026-07-23 14:19:27] [INFO] Log - Selecting 2 random items from the list...
[2026-07-23 14:19:28] [INFO] Log - Verifying active classes on selected items...
[2026-07-23 14:19:28] [INFO] Log - Validating item: Morbi leo risus
[2026-07-23 14:19:28] [INFO] Log - Validating item: Dapibus ac facilisis in
[2026-07-23 14:19:28] [INFO] Log - testSelectableList completed successfully.
[2026-07-23 14:19:42] [INFO] Log - Starting testSelectableGrid...
[2026-07-23 14:19:45] [INFO] Log - Selecting 3 random items from the grid...
[2026-07-23 14:19:48] [INFO] Log - Verifying active classes on selected grid items...
[2026-07-23 14:19:48] [INFO] Log - Validating grid item: Three
[2026-07-23 14:19:48] [INFO] Log - Validating grid item: Five
[2026-07-23 14:19:48] [INFO] Log - Validating grid item: Six
[2026-07-23 14:19:48] [INFO] Log - testSelectableGrid completed successfully.
[2026-07-23 14:20:02] [INFO] Log - Starting testSimpleDragAndDrop...
[2026-07-23 14:20:04] [INFO] Log - Dragging simple box to target...
[2026-07-23 14:20:07] [INFO] Log - Target box text after drop: Dropped!
[2026-07-23 14:20:07] [INFO] Log - testSimpleDragAndDrop completed successfully.
[2026-07-23 14:20:20] [INFO] Log - Starting testPreventPropagationDroppable...
[2026-07-23 14:20:24] [INFO] Log - Executing Scenario 1: Not Greedy Drop...
[2026-07-23 14:20:27] [INFO] Log - Refreshing page to reset DOM state for Greedy test...
[2026-07-23 14:20:29] [INFO] Log - Executing Scenario 2: Greedy Drop...
[2026-07-23 14:20:32] [INFO] Log - testPreventPropagationDroppable completed successfully.
[2026-07-23 14:20:45] [INFO] Log - Starting testRevertDraggable...
[2026-07-23 14:20:50] [INFO] Log - Testing 'Will Revert' Box...
[2026-07-23 14:20:50] [INFO] Log - Starting location: (597, 289)
[2026-07-23 14:20:53] [INFO] Log - Waiting for revert animation to complete...
[2026-07-23 14:20:54] [INFO] Log - Ending location: (597, 289)
[2026-07-23 14:20:54] [INFO] Log - Testing 'Not Revert' Box...
[2026-07-23 14:20:54] [INFO] Log - Starting location: (597, 353)
[2026-07-23 14:20:57] [INFO] Log - Ending location: (999, 336)
[2026-07-23 14:20:57] [INFO] Log - testRevertDraggable completed successfully.
[2026-07-23 14:21:10] [INFO] Log - Starting testResizableBoxWithRestriction...
[2026-07-23 14:21:13] [INFO] Log - Initial size: (200, 200)
[2026-07-23 14:21:15] [INFO] Log - New size: (250, 250)
[2026-07-23 14:21:15] [INFO] Log - testResizableBoxWithRestriction completed successfully.
[2026-07-23 14:21:26] [INFO] Log - Starting testResizableBoxWithoutRestriction...
[2026-07-23 14:21:30] [INFO] Log - Initial size: (200, 200)
[2026-07-23 14:21:33] [INFO] Log - New size: (240, 240)
[2026-07-23 14:21:33] [INFO] Log - testResizableBoxWithoutRestriction completed successfully.
[2026-07-23 14:21:44] [INFO] Log - Starting testSimpleDraggable: Verifying basic drag functionality.
[2026-07-23 14:22:06] [INFO] Log - Initial Box Location: (352, 181)
[2026-07-23 14:22:08] [INFO] Log - New Box Location: (452, 281)
[2026-07-23 14:22:08] [INFO] Log - testSimpleDraggable passed successfully.
[2026-07-23 14:22:21] [INFO] Log - Starting testAxisRestrictedDraggable: Verifying X/Y axis constraints.
[2026-07-23 14:22:25] [INFO] Log - Testing X-Axis restricted box.
[2026-07-23 14:22:27] [INFO] Log - Testing Y-Axis restricted box.
[2026-07-23 14:22:29] [INFO] Log - testAxisRestrictedDraggable passed successfully.
[2026-07-23 14:22:50] [INFO] Log - Starting testSelectableList...
[2026-07-23 14:22:53] [INFO] Log - Selecting 2 random items from the list...
[2026-07-23 14:22:54] [INFO] Log - Verifying active classes on selected items...
[2026-07-23 14:22:54] [INFO] Log - Validating item: Dapibus ac facilisis in
[2026-07-23 14:22:54] [INFO] Log - Validating item: Cras justo odio
[2026-07-23 14:22:54] [INFO] Log - testSelectableList completed successfully.
[2026-07-23 14:23:10] [INFO] Log - Starting testContainerRestrictedElegant: Verifying container boundaries.
[2026-07-23 14:23:10] [INFO] Log - Starting testSelectableGrid...
[2026-07-23 14:23:13] [INFO] Log - Selecting 3 random items from the grid...
[2026-07-23 14:23:14] [INFO] Log - Verifying active classes on selected grid items...
[2026-07-23 14:23:14] [INFO] Log - Validating grid item: Four
[2026-07-23 14:23:14] [INFO] Log - Validating grid item: Three
[2026-07-23 14:23:14] [INFO] Log - Validating grid item: Nine
[2026-07-23 14:23:14] [INFO] Log - testSelectableGrid completed successfully.
[2026-07-23 14:23:15] [INFO] Log - Executing Scenario 1: Parent Container Boundary Smash.
[2026-07-23 14:23:20] [INFO] Log - Executing Scenario 2: Span Parent Boundary Smash.
[2026-07-23 14:23:24] [INFO] Log - Starting testSimpleDragAndDrop...
[2026-07-23 14:23:26] [INFO] Log - testContainerRestrictedElegant passed successfully.
[2026-07-23 14:23:28] [INFO] Log - Dragging simple box to target...
[2026-07-23 14:23:31] [INFO] Log - Target box text after drop: Dropped!
[2026-07-23 14:23:31] [INFO] Log - testSimpleDragAndDrop completed successfully.
[2026-07-23 14:24:04] [INFO] Log - Starting testSortableList...
[2026-07-23 14:24:08] [INFO] Log - Executing random sorting sequence on List elements...
[2026-07-23 14:24:10] [INFO] Log - testSortableList completed successfully.
[2026-07-23 14:24:19] [INFO] Log - Starting testPreventPropagationDroppable...
[2026-07-23 14:24:37] [INFO] Log - Starting testSortableGrid...
[2026-07-23 14:24:40] [INFO] Log - Executing random sorting sequence on Grid elements...
[2026-07-23 14:24:41] [INFO] Log - Executing Scenario 1: Not Greedy Drop...
[2026-07-23 14:24:42] [INFO] Log - testSortableGrid completed successfully.
[2026-07-23 14:24:44] [INFO] Log - Refreshing page to reset DOM state for Greedy test...
[2026-07-23 14:24:46] [INFO] Log - Executing Scenario 2: Greedy Drop...
[2026-07-23 14:24:48] [INFO] Log - testPreventPropagationDroppable completed successfully.
[2026-07-23 14:25:03] [INFO] Log - Starting testRevertDraggable...
[2026-07-23 14:25:07] [INFO] Log - Testing 'Will Revert' Box...
[2026-07-23 14:25:08] [INFO] Log - Starting location: (597, 289)
[2026-07-23 14:25:11] [INFO] Log - Waiting for revert animation to complete...
[2026-07-23 14:25:12] [INFO] Log - Ending location: (597, 289)
[2026-07-23 14:25:12] [INFO] Log - Testing 'Not Revert' Box...
[2026-07-23 14:25:12] [INFO] Log - Starting location: (597, 353)
[2026-07-23 14:25:15] [INFO] Log - Ending location: (999, 336)
[2026-07-23 14:25:15] [INFO] Log - testRevertDraggable completed successfully.
[2026-07-23 14:25:28] [INFO] Log - Starting testResizableBoxWithRestriction...
[2026-07-23 14:25:31] [INFO] Log - Initial size: (200, 200)
[2026-07-23 14:25:33] [INFO] Log - New size: (250, 250)
[2026-07-23 14:25:33] [INFO] Log - testResizableBoxWithRestriction completed successfully.
[2026-07-23 14:25:46] [INFO] Log - Starting testResizableBoxWithoutRestriction...
[2026-07-23 14:25:49] [INFO] Log - Initial size: (200, 200)
[2026-07-23 14:25:51] [INFO] Log - New size: (240, 240)
[2026-07-23 14:25:51] [INFO] Log - testResizableBoxWithoutRestriction completed successfully.
[2026-07-23 14:26:05] [INFO] Log - Starting testSimpleDraggable: Verifying basic drag functionality.
[2026-07-23 14:26:09] [INFO] Log - Initial Box Location: (352, 181)
[2026-07-23 14:26:11] [INFO] Log - New Box Location: (452, 281)
[2026-07-23 14:26:11] [INFO] Log - testSimpleDraggable passed successfully.
[2026-07-23 14:26:26] [INFO] Log - Starting testAxisRestrictedDraggable: Verifying X/Y axis constraints.
[2026-07-23 14:26:30] [INFO] Log - Testing X-Axis restricted box.
[2026-07-23 14:26:32] [INFO] Log - Testing Y-Axis restricted box.
[2026-07-23 14:26:34] [INFO] Log - testAxisRestrictedDraggable passed successfully.
